nat : type
Z : nat
S : nat -> nat
+ : nat -> nat -> nat
pi : nat -> type
SZ : Infer{'cq : type}. Spec{'number : 'cq}. ('number ~ Z) ⊃ pi 'number
SS : Infer{'dn : type}. Spec{'number : 'dn}. Spec{'n : nat}. ('number ~ S 'n) ⊃ pi 'n -> pi 'number
~~ : Infer{'a : type}. 'a -> 'a -> type
Refl : Infer{'a : type}. Spec{'a : 'a}. Spec{'b : 'a}. ~ 'a 'b => ~~ 'a 'b
add_zero_right : Spec{'n : nat}. pi 'n -> ~~ (+ 'n Z) 'n
add_succ_right : Spec{'n : nat}. Spec{'m : nat}. pi 'n -> pi 'm -> ~~ (+ 'n (S 'm)) (S (+ 'n 'm))
