fail_modules.ml[4:9 ..4:9]: error
  Variable not in scope: `x`
  │ 
4 │ let y = x
  │         ^
