fail_let_ambiguity.ml[6:18..6:18]: error
  │ 
6 │ let main _ = x + y
  │                  ^
  Ambiguous reference to variable y
