fail_unresolved.ml[6:3..6:7]: error
  │ 
6 │   foo_0
  │   ^^^^^
  Variable foo_0 not in scope
fail_unresolved.ml[13:9..13:18]: error
   │ 
13 │ let _ : foo_0 = ()
   │         ^^^^^^^^^^
  Type foo_0 not in scope
fail_unresolved.ml[18:9..18:12]: error
   │ 
18 │ let _ = Foo0
   │         ^^^^
  Constructor Foo0 not in scope
fail_unresolved.ml[21:9..21:54]: error
   │ 
21 │ let _ : forall 'foo_1 'foo_2 'bar_0. () -> 'foo_0 = ()
   │         ^^^^^^^^^^^^^^^^^^^^^^^^^^^^^^^^^^^^^^^^^^^^^^
  Type variable foo_0 not in scope
